// Jest Snapshot v1, https://goo.gl/fbAQLP

exports[`renders 1`] = `
<div
  class="numberPicker"
>
  <button>
    -
  </button>
  <input
    class="input undefined"
    type="number"
  />
  <button>
    +
  </button>
</div>
`;
